2026-05-09 11:00:01 [INFO] ============================================================
2026-05-09 11:00:01 [INFO] MANIPULATION COUNTER-STRATEGY PIPELINE STARTING
2026-05-09 11:00:01 [INFO] ============================================================
2026-05-09 11:00:01 [INFO] Step 1: Running entity clustering...
2026-05-09 11:00:01 [INFO] Entity clustering completed successfully
2026-05-09 11:00:01 [INFO] AOMCRL, meifei123... (score=0)
    0xcF609D3256f0f37f0595E5Dc64012Fa3a8fEa6f5-1771809916847, johnbaster... (score=0)
    LaBradfordSmith22, joblessfinalboss, matanovik... (score=0)
    p233-0x5d1d9c, p81-0xdb2223... (score=0)
  Sybil groups: 3
    0x492442EaB586F242B53bDa933fD5dE859c8A3782-1766317541188, AppleTime67, Dvitaminbets... (1047 trades)
    0x5d1d9cfd66ee3068c2a8a57dedf1e1b006dcafd2, SMCAOMCRL, meifei123... (335 trades)
    LaBradfordSmith22, joblessfinalboss, matanovik... (74 trades)

2026-05-09 11:00:01 [INFO] Step 2-4: Matching patterns and enriching profiles...
2026-05-09 11:00:01 [INFO] Loaded 11 tactics from playbook
2026-05-09 11:00:01 [INFO] Loaded 5 clusters
2026-05-09 11:00:01 [INFO] Loaded 431 profiles
2026-05-09 11:00:01 [INFO] Matched loss-leader in sybil_group: bossoskil1 with 14 partners (1047 trades)
2026-05-09 11:00:01 [INFO] Matched loss-leader in sybil_group: SMCAOMCRL with 2 partners (335 trades)
2026-05-09 11:00:01 [INFO] Matched loss-leader in sybil_group: SMCAOMCRL with 2 partners (335 trades)
2026-05-09 11:00:01 [INFO] Marked bossoskil1 as should_fade=True
2026-05-09 11:00:01 [INFO] Marked 0x492442EaB586F242B53bDa933fD5dE859c8A3782-1766317541188 as should_follow=True
2026-05-09 11:00:01 [INFO] Marked AppleTime67 as should_follow=True
2026-05-09 11:00:01 [INFO] Marked Dvitaminbets as should_follow=True
2026-05-09 11:00:01 [INFO] Marked Herdonia as should_follow=True
2026-05-09 11:00:01 [INFO] Marked NewTeamSosed4 as should_follow=True
2026-05-09 11:00:01 [INFO] Marked Pajamapants as should_follow=True
2026-05-09 11:00:01 [INFO] Marked Talvez10 as should_follow=True
2026-05-09 11:00:01 [INFO] Marked Wannac as should_follow=True
2026-05-09 11:00:01 [INFO] Marked beetlepimp as should_follow=True
2026-05-09 11:00:01 [INFO] Marked benwyatt as should_follow=True
2026-05-09 11:00:01 [INFO] Marked loitterer as should_follow=True
2026-05-09 11:00:01 [INFO] Marked mooseborzoi as should_follow=True
2026-05-09 11:00:01 [INFO] Marked pilotlady as should_follow=True
2026-05-09 11:00:01 [INFO] Marked trade-via-Gravia as should_follow=True
2026-05-09 11:00:01 [INFO] Marked SMCAOMCRL as should_fade=True
2026-05-09 11:00:01 [INFO] Marked 0x5d1d9cfd66ee3068c2a8a57dedf1e1b006dcafd2 as should_follow=True
2026-05-09 11:00:01 [INFO] Marked meifei123 as should_follow=True
2026-05-09 11:00:01 [INFO] Marked SMCAOMCRL as should_fade=True
2026-05-09 11:00:01 [INFO] Marked 0x5d1d9cfd66ee3068c2a8a57dedf1e1b006dcafd2 as should_follow=True
2026-05-09 11:00:01 [INFO] Marked meifei123 as should_follow=True
2026-05-09 11:00:01 [INFO] Saved /home/elon-1/workspace/nautilus-trading/research/whale_profiles.json
2026-05-09 11:00:01 [INFO] Step 5: Writing audit log...
2026-05-09 11:00:01 [INFO] Audit log written to /home/elon-1/workspace/nautilus-trading/research/manipulation_audit.log
2026-05-09 11:00:01 [INFO] ============================================================
2026-05-09 11:00:01 [INFO] PIPELINE COMPLETE
2026-05-09 11:00:01 [INFO] Matches: 3 | Profiles enriched: /home/elon-1/workspace/nautilus-trading/research/whale_profiles.json
2026-05-09 11:00:01 [INFO] ============================================================
2026-05-10 11:00:01 [INFO] ============================================================
2026-05-10 11:00:01 [INFO] MANIPULATION COUNTER-STRATEGY PIPELINE STARTING
2026-05-10 11:00:01 [INFO] ============================================================
2026-05-10 11:00:01 [INFO] Step 1: Running entity clustering...
2026-05-10 11:00:01 [INFO] Entity clustering completed successfully
2026-05-10 11:00:01 [INFO] [entity_clustering] Using primary DB (trades.db) — 162 backup vs 56 primary whales
Entity clustering: 15 whales → /home/elon-1/workspace/nautilus-trading/research/entity_clusters.json
  Clusters: 1
    p102-0xf68a28, p2-0x492442... (score=1)
  Sybil groups: 0

2026-05-10 11:00:01 [INFO] Step 2-4: Matching patterns and enriching profiles...
2026-05-10 11:00:01 [INFO] Loaded 11 tactics from playbook
2026-05-10 11:00:01 [INFO] Loaded 1 clusters
2026-05-10 11:00:01 [INFO] Loaded 431 profiles
2026-05-10 11:00:01 [INFO] Saved /home/elon-1/workspace/nautilus-trading/research/whale_profiles.json
2026-05-10 11:00:01 [INFO] Step 5: Writing audit log...
2026-05-10 11:00:01 [INFO] Audit log written to /home/elon-1/workspace/nautilus-trading/research/manipulation_audit.log
2026-05-10 11:00:01 [INFO] ============================================================
2026-05-10 11:00:01 [INFO] PIPELINE COMPLETE
2026-05-10 11:00:01 [INFO] Matches: 0 | Profiles enriched: /home/elon-1/workspace/nautilus-trading/research/whale_profiles.json
2026-05-10 11:00:01 [INFO] ============================================================
2026-05-11 11:00:01 [INFO] ============================================================
2026-05-11 11:00:01 [INFO] MANIPULATION COUNTER-STRATEGY PIPELINE STARTING
2026-05-11 11:00:01 [INFO] ============================================================
2026-05-11 11:00:01 [INFO] Step 1: Running entity clustering...
2026-05-11 11:00:01 [INFO] Entity clustering completed successfully
2026-05-11 11:00:01 [INFO] [entity_clustering] Using primary DB (trades.db) — 162 backup vs 56 primary whales
Entity clustering: 15 whales → /home/elon-1/workspace/nautilus-trading/research/entity_clusters.json
  Clusters: 2
    autoresearch_llm, p116-0xfea31b... (score=1)
    p102-0xf68a28, p2-0x492442... (score=1)
  Sybil groups: 0

2026-05-11 11:00:01 [INFO] Step 2-4: Matching patterns and enriching profiles...
2026-05-11 11:00:01 [INFO] Loaded 11 tactics from playbook
2026-05-11 11:00:01 [INFO] Loaded 2 clusters
2026-05-11 11:00:01 [INFO] Loaded 431 profiles
2026-05-11 11:00:01 [INFO] Saved /home/elon-1/workspace/nautilus-trading/research/whale_profiles.json
2026-05-11 11:00:01 [INFO] Step 5: Writing audit log...
2026-05-11 11:00:01 [INFO] Audit log written to /home/elon-1/workspace/nautilus-trading/research/manipulation_audit.log
2026-05-11 11:00:01 [INFO] ============================================================
2026-05-11 11:00:01 [INFO] PIPELINE COMPLETE
2026-05-11 11:00:01 [INFO] Matches: 0 | Profiles enriched: /home/elon-1/workspace/nautilus-trading/research/whale_profiles.json
2026-05-11 11:00:01 [INFO] ============================================================
2026-05-26 11:00:00 [INFO] ============================================================
2026-05-26 11:00:00 [INFO] MANIPULATION COUNTER-STRATEGY PIPELINE STARTING
2026-05-26 11:00:00 [INFO] ============================================================
2026-05-26 11:00:00 [INFO] Step 1: Running entity clustering...
2026-05-26 11:00:00 [INFO] Entity clustering completed successfully
2026-05-26 11:00:00 [INFO] c7ac... (score=1)
    Countryside, JewishNinja... (score=0)
    anoin123, downtownfee... (score=0)
    autoresearch_llm, p102-0xf68a28, p26-0x1117ea, p32-0xe72bb5... (score=0)
  Sybil groups: 3
    0x14026373da58fabe45e2bf73a915a5d4b3a6e35b, 0xdb250854cb0A4C1784fE2D1179f5c3C4577fEb12-1778517347042, Hehaj648jeh... (735 trades)
    0x5234c8687FbC415e8c255b3a90AFa8CF47de4c4F-1777743586273, p184-0x0e64bd, p51-0x31864f... (79 trades)
    autoresearch_llm, p102-0xf68a28, p26-0x1117ea... (1078 trades)

2026-05-26 11:00:00 [INFO] Step 2-4: Matching patterns and enriching profiles...
2026-05-26 11:00:01 [INFO] Loaded 11 tactics from playbook
2026-05-26 11:00:01 [INFO] Loaded 7 clusters
2026-05-26 11:00:01 [INFO] Loaded 678 profiles
2026-05-26 11:00:01 [INFO] Saved /home/elon-1/workspace/nautilus-trading/research/whale_profiles.json
2026-05-26 11:00:01 [INFO] Step 5: Writing audit log...
2026-05-26 11:00:01 [INFO] Audit log written to /home/elon-1/workspace/nautilus-trading/research/manipulation_audit.log
2026-05-26 11:00:01 [INFO] ============================================================
2026-05-26 11:00:01 [INFO] PIPELINE COMPLETE
2026-05-26 11:00:01 [INFO] Matches: 0 | Profiles enriched: /home/elon-1/workspace/nautilus-trading/research/whale_profiles.json
2026-05-26 11:00:01 [INFO] ============================================================
